git
要随时掌握工作区的状态，使用git status命令。

如果git status告诉你有文件被修改过，用git diff可以查看修改内容。
git diff readme.txt 

git log命令显示从最近到最远的提交日志，我们可以看到3次提交，最近的一次是append GPL，上一次是add distributed，最早的一次是wrote a readme file。
如果嫌输出信息太多，看得眼花缭乱的，可以试试加上--pretty=oneline参数：

ZZ退出log命令

Git必须知道当前版本是哪个版本，在Git中，用HEAD表示当前版本，也就是最新的提交3628164...882e1e0（注意我的提交ID和你的肯定不一样），上一个版本就是HEAD^，上上一个版本就是HEAD^^，当然往上100个版本写100个^比较容易数不过来，所以写成HEAD~100。

现在，我们要把当前版本“append GPL”回退到上一个版本“add distributed”，就可以使用git reset命令：

$ git reset --hard HEAD^
HEAD is now at ea34578 add distributed

只要上面的命令行窗口还没有被关掉，你就可以顺着往上找啊找啊，找到那个append GPL的commit id是3628164...，于是就可以指定回到未来的某个版本：

$ git reset --hard 3628164
HEAD is now at 3628164 append GPL


再小心翼翼地看看readme.txt的内容：

$ cat readme.txt
Git is a distributed version control system.
Git is free software distributed under the GPL.

在Git中，总是有后悔药可以吃的。当你用$ git reset --hard HEAD^回退到add distributed版本时，再想恢复到append GPL，就必须找到append GPL的commit id。Git提供了一个命令git reflog用来记录你的每一次命令：

$ git reflog
ea34578 HEAD@{0}: reset: moving to HEAD^
3628164 HEAD@{1}: commit: append GPL
ea34578 HEAD@{2}: commit: add distributed
cb926e7 HEAD@{3}: commit (initial): wrote a readme file


现在总结一下：

HEAD指向的版本就是当前版本，因此，Git允许我们在版本的历史之间穿梭，使用命令git reset --hard commit_id。

穿梭前，用git log可以查看提交历史，以便确定要回退到哪个版本。

要重返未来，用git reflog查看命令历史，以便确定要回到未来的哪个版本。



前面讲了我们把文件往Git版本库里添加的时候，是分两步执行的：

第一步是用git add把文件添加进去，实际上就是把文件修改添加到暂存区；

第二步是用git commit提交更改，实际上就是把暂存区的所有内容提交到当前分支。

因为我们创建Git版本库时，Git自动为我们创建了唯一一个master分支，所以，现在，git commit就是往master分支上提交更改。

你可以简单理解为，需要提交的文件修改通通放到暂存区，然后，一次性提交暂存区的所有修改。

git非常清楚地告诉我们，readme.txt被修改了，而LICENSE还从来没有被添加过，所以它的状态是Untracked。



提交后，用git diff HEAD -- readme.txt命令可以查看工作区和版本库里面最新版本的区别：

$ git diff HEAD -- readme.txt 
diff --git a/readme.txt b/readme.txt

那怎么提交第二次修改呢？你可以继续git add再git commit，也可以别着急提交第一次修改，先git add第二次修改，再git commit，就相当于把两次修改合并后一块提交了：

第一次修改 -> git add -> 第二次修改 -> git add -> git commit

好，现在，把第二次修改提交了，然后开始小结。

小结

现在，你又理解了Git是如何跟踪修改的，每次修改，如果不add到暂存区，那就不会加入到commit中。